// Jest Snapshot v1, https://goo.gl/fbAQLP

exports[`renders 1`] = `
<div
  className="bg-silver  "
  style={
    Object {
      "height": undefined,
      "width": undefined,
    }
  }
>
  
</div>
`;
